// Jest Snapshot v1, https://goo.gl/fbAQLP

exports[`Body Component should render without issues 1`] = `
<ForwardRef(SafeAreaView)
  style={
    Object {
      "flex": 1,
    }
  }
  testID="SafeAreaBodyView"
>
  <QuickView
    column={true}
    primary={true}
    style={
      Object {
        "backgroundColor": "#F2F2F2",
        "flex": 1,
        "paddingHorizontal": 20,
      }
    }
    touchableComponent="TouchableOpacity"
  />
</ForwardRef(SafeAreaView)>
`;
